Test file content for tool verification
Line 2 of test content
Another line